---
source: lore-store/src/store.rs
expression: snapshot

---

input:
    attr spotify:field:Name

output:

Ok(
    Store {
        relations: [],
        attributes: [
            Attribute {
                name: Name {
                    alias: None,
                    uri: URI(
                        "spotify:field:Name",
                    ),
                },
            },
        ],
        kinds: [],
    },
)

