---
source: lore-store/src/store.rs
expression: snapshot

---

input:
    
        prefix spotify:field:Name as @Name
        attr @Name
        

output:

Store {
  kinds: {
  }
  attributes: {
    Attribute {
    name: Name {
        alias: None,
        uri: URI(
            "spotify:field:Name",
        ),
    },
}
  }
  relations: {
  }
}

