---
source: lore-store/src/store.rs
expression: snapshot

---

input:
    
        prefix dota:ontology:v2021/Hero as @Hero
        kind @Hero
        

output:

Store {
  kinds: {
  Kind {
    name: Name {
        alias: None,
        uri: URI(
            "dota:ontology:v2021/Hero",
        ),
    },
}
  }
  attributes: {
  }
  relations: {
  }
}

