---
source: lore-store/src/store.rs
expression: snapshot

---

input:
    
        prefix dota:ontology:v2021/Hero as @Hero
        prefix spotify:attr:Name as @Name
        prefix spotify:rel:hasOne as @hasOne

        rel @Hero @hasOne @Name
        

output:

Store {
  kinds: {
  }
  attributes: {
  }
  relations: {
    (
    URI(
        "dota:ontology:v2021/Hero",
    ),
    [
        Relation {
            subject: Name {
                alias: None,
                uri: URI(
                    "dota:ontology:v2021/Hero",
                ),
            },
            predicate: Name {
                alias: None,
                uri: URI(
                    "spotify:rel:hasOne",
                ),
            },
            object: Name {
                alias: None,
                uri: URI(
                    "spotify:attr:Name",
                ),
            },
        },
    ],
)
  }
}

