---
source: lore-store/src/store.rs
expression: snapshot

---

input:
    
            prefix dota:ontology:2022/Hero as @Hero
            prefix dota:ontology:2022/Name as @Name
            prefix lore:rel:v1/hasOne as @hasOne

            kind @Hero

            attr @Name

            rel @Hero @hasOne @Name
        

output:

Store {
  kinds: {
  Kind {
    name: Name {
        alias: None,
        uri: URI(
            "dota:ontology:2022/Hero",
        ),
    },
}
  }
  attributes: {
    Attribute {
    name: Name {
        alias: None,
        uri: URI(
            "dota:ontology:2022/Name",
        ),
    },
}
  }
  relations: {
    (
    URI(
        "dota:ontology:2022/Hero",
    ),
    [
        Relation {
            subject: Name {
                alias: None,
                uri: URI(
                    "dota:ontology:2022/Hero",
                ),
            },
            predicate: Name {
                alias: None,
                uri: URI(
                    "lore:rel:v1/hasOne",
                ),
            },
            object: Name {
                alias: None,
                uri: URI(
                    "dota:ontology:2022/Name",
                ),
            },
        },
    ],
)
  }
}

