---
source: lore-parser/src/parser.rs
expression: snapshot

---

input:
    rel spotify:kinds/Artist spotify:rels/has

output:

Err(
    ParseError {
        src: NamedSource {
            name: "$name",
            source: "<redacted>",
        ,
        span: SourceSpan {
            offset: SourceOffset(
                41,
            ),
            length: SourceOffset(
                0,
            ),
        },
        filename: "$name",
        error: RelationExpectedObjectToBeName,
    },
)

