---
source: lore-parser/src/parser.rs
expression: snapshot

---

input:
    

# these are comments for the ontology writers, not
# about the things!
attr Name {
  @doc/en      "A name to call something by."

  @label/en    "Name"
  @label/es    "Nombre"

  @see_also    @lore/attrs/Nickname

  # if a thing has a name, then the name means the thing
  @symmetry    :symmetric

  # a name might be its own name, like "word"
  @reflexivity :reflexive

  # all things may have names!
  @domain      @lore/Thing

  # names are usually primitive strings
  @range       :string
}

        

output:

Ok(
    Structure {
        items: [
            Comment(
                "# these are comments for the ontology writers, not\n",
            ),
            Comment(
                "# about the things!\n",
            ),
            Attribute {
                name: Alias(
                    "Name",
                ),
                fields: [
                    Field {
                        name: URI(
                            URI(
                                "@doc/en",
                            ),
                        ),
                        value: String(
                            "A name to call something by.",
                        ),
                    },
                    Field {
                        name: URI(
                            URI(
                                "@label/en",
                            ),
                        ),
                        value: String(
                            "Name",
                        ),
                    },
                    Field {
                        name: URI(
                            URI(
                                "@label/es",
                            ),
                        ),
                        value: String(
                            "Nombre",
                        ),
                    },
                    Field {
                        name: URI(
                            URI(
                                "@see_also",
                            ),
                        ),
                        value: Name(
                            URI(
                                URI(
                                    "@lore/attrs/Nickname",
                                ),
                            ),
                        ),
                    },
                    Field {
                        name: URI(
                            URI(
                                "@symmetry",
                            ),
                        ),
                        value: Name(
                            URI(
                                URI(
                                    ":symmetric",
                                ),
                            ),
                        ),
                    },
                    Field {
                        name: URI(
                            URI(
                                "@reflexivity",
                            ),
                        ),
                        value: Name(
                            URI(
                                URI(
                                    ":reflexive",
                                ),
                            ),
                        ),
                    },
                    Field {
                        name: URI(
                            URI(
                                "@domain",
                            ),
                        ),
                        value: Name(
                            URI(
                                URI(
                                    "@lore/Thing",
                                ),
                            ),
                        ),
                    },
                    Field {
                        name: URI(
                            URI(
                                "@range",
                            ),
                        ),
                        value: Name(
                            URI(
                                URI(
                                    ":string",
                                ),
                            ),
                        ),
                    },
                ],
            },
        ],
    },
)

