---
source: lore-parser/src/validator.rs
expression: snapshot

---

input:
    
        using hello:world
        attr name {
            wat :yes
        }
        

output:

Ok(
    Structure {
        kinds: [],
        attributes: [
            Attribute {
                name: Name {
                    alias: Some(
                        "name",
                    ),
                    uri: URI(
                        "hello:world/name",
                    ),
                },
                fields: [
                    Field {
                        name: Name {
                            alias: Some(
                                "wat",
                            ),
                            uri: URI(
                                "hello:world/wat",
                            ),
                        },
                        value: Name(
                            Name {
                                alias: None,
                                uri: URI(
                                    ":yes",
                                ),
                            },
                        ),
                    },
                ],
            },
        ],
        relations: [],
    },
)

