---
source: lore-parser/src/parser.rs
expression: snapshot

---

input:
     prefix spotify:hello @Rush 

output:

Err(
    ParseError {
        src: NamedSource {
            name: "$name",
            source: "<redacted>",
        ,
        span: SourceSpan {
            offset: SourceOffset(
                22,
            ),
            length: SourceOffset(
                5,
            ),
        },
        filename: "$name",
        error: PrefixIsMissingTheAsKeyword,
    },
)

