---
source: lore-parser/src/validator.rs
expression: snapshot

---

input:
    kind Band

output:

Err(
    ValidationError {
        filename: "$name",
        error: UnresolvedNames(
            [
                Name {
                    alias: Some(
                        "Band",
                    ),
                    uri: URI(
                        "lore:uri:unresolved",
                    ),
                },
            ],
        ),
    },
)

