---
source: lore-parser/src/parser.rs
expression: snapshot

---

input:
     use spotify:artist:2Hkut4rAAyrQxRdof7FVJq as Rush 

output:

Ok(
    Structure(
        [
            Alias {
                uri: URI(
                    "spotify:artist:2Hkut4rAAyrQxRdof7FVJq",
                ),
                prefix: "Rush",
            },
        ],
    ),
)

