---
source: lore-parser/src/parser.rs
expression: snapshot

---

input:
    
            # this is a prefix
            prefix spotify:kind:artist as @Artist

            kind @Artist

            attr Name

            attr spotify:field:play_count

            kind spotify:kind:Album

            prefix spotify:kind:song as @Song

            kind Song
        

output:

Ok(
    Structure {
        items: [
            Comment(
                "# this is a prefix\n",
            ),
            Alias {
                uri: URI(
                    "spotify:kind:artist",
                ),
                prefix: URI(
                    "@Artist",
                ),
            },
            Kind {
                name: URI(
                    URI(
                        "@Artist",
                    ),
                ),
            },
            Attribute {
                name: Alias(
                    "Name",
                ),
            },
            Attribute {
                name: URI(
                    URI(
                        "spotify:field:play_count",
                    ),
                ),
            },
            Kind {
                name: URI(
                    URI(
                        "spotify:kind:Album",
                    ),
                ),
            },
            Alias {
                uri: URI(
                    "spotify:kind:song",
                ),
                prefix: URI(
                    "@Song",
                ),
            },
            Kind {
                name: Alias(
                    "Song",
                ),
            },
        ],
    },
)

