---
source: lore-parser/src/parser.rs
expression: snapshot

---

input:
    attr spotify:field:Name

output:

Ok(
    Structure {
        items: [
            Attribute {
                name: URI(
                    URI(
                        "spotify:field:Name",
                    ),
                ),
                fields: [],
            },
        ],
    },
)

