---
source: lore-parser/src/validator.rs
expression: snapshot

---

input:
    
        prefix spotify:kind:artist as @Artist
        kind @Artist
        

output:

Ok(
    Structure {
        kinds: [
            Kind {
                name: Name {
                    alias: None,
                    uri: URI(
                        "spotify:kind:artist",
                    ),
                },
                fields: [],
            },
        ],
        attributes: [],
        relations: [],
    },
)

