---
source: lore-parser/src/parser.rs
expression: snapshot

---

input:
    rel Artist has Name

output:

Ok(
    Structure {
        filename: "$name",
        items: [
            Relation {
                subject: Alias(
                    "Artist",
                ),
                predicate: Alias(
                    "has",
                ),
                object: Alias(
                    "Name",
                ),
            },
        ],
    },
)

