---
source: lore-codegen/src/rescript.rs
expression: snapshot

---

input:
    

use spotify:ontology:v2022/Artist as Artist
use spotify:ontology:v2022/Album as Album
use spotify:ontology:v2022/Track as Track
use spotify:ontology:v2022/Name as Name
use spotify:ontology:v2022/hasOne as hasOne
use spotify:ontology:v2022/isListedIn as isListedIn

kind Artist

kind Album

kind Track

attr Name

rel Album hasOne Name

rel Track isListedIn Album

        

output:

SourceSet {
    sources: [
        Source {
            name: "Spotify_ontology_v2022_artist.resi",
            contents: "type t\n",
        },
        Source {
            name: "Spotify_ontology_v2022_album.resi",
            contents: "type t\n",
        },
        Source {
            name: "Spotify_ontology_v2022_track.resi",
            contents: "type t\n",
        },
    ],
}

